// Jest Snapshot v1, https://goo.gl/fbAQLP

exports[`renders without crashing 1`] = `
<div
  class="App"
>
  <header
    class="App-header"
  >
    <h1
      class="App-title"
    >
      Welcome to React
    </h1>
  </header>
  <p
    class="App-intro"
  >
    To get started, edit 
    <code>
      src/App.js
    </code>
     and save to reload.
  </p>
</div>
`;
