// Jest Snapshot v1, https://goo.gl/fbAQLP

exports[`renders without crashing 1`] = `
<div
  class="Upload"
>
  <div
    class="Container"
  >
    <div
      class="Drop-Target"
    >
      <div>
        <div
          class="center"
        >
          <p>
            Drag and drop your files here, or 
          </p>
          <form>
            <input
              class="hidden"
              id="file"
              type="file"
            >
              
            </input>
            <label
              for="file"
            >
              click here.
            </label>
          </form>
        </div>
      </div>
    </div>
    <div
      class="File-List"
    >
      <header>
        Bounty Files 0
      </header>
      <div
        class="List"
      >
        
      </div>
    </div>
  </div>
</div>
`;
