// Jest Snapshot v1, https://goo.gl/fbAQLP

exports[`renders without crashing 1`] = `
<div
  class="Bounty-Create"
>
  <div
    class="ModalPassword"
  >
    <div>
      
    </div>
  </div>
  <div
    class="Container"
  >
    <div
      class="File-List"
    >
      <header
        class="File-List-Header"
      >
        <p
          class="File-List-Title"
        >
          0 Files
        </p>
        <button
          class="Button"
          disabled=""
        >
          - Clear
        </button>
      </header>
      <ul
        class="List"
      >
        <div>
          
        </div>
      </ul>
    </div>
    <div
      class="Drop-Target"
    >
      <div>
        <p>
          Drag and drop your files here, or 
        </p>
        <form>
          <input
            class="hidden"
            id="file"
            multiple=""
            type="file"
          >
            
          </input>
          <label
            for="file"
          >
            click here.
          </label>
        </form>
      </div>
    </div>
    <button
      class="Button"
      disabled=""
    >
      Create Bounty
    </button>
  </div>
</div>
`;
