// Jest Snapshot v1, https://goo.gl/fbAQLP

exports[`renders without crashing 1`] = `
<div
  class="FileProgress"
>
  <p
    class="FileProgress-Name"
  >
    asdf
  </p>
  <span
    class="FileProgress-Remove"
  >
    <button
      class="Remove-Button"
    >
      x
    </button>
  </span>
</div>
`;
