// Jest Snapshot v1, https://goo.gl/fbAQLP

exports[`opens without crashing 1`] = `
<Modal>
  <div
    className="Modal"
  >
    <div
      className="ModalBackground"
    />
    <div
      className="ModalContent"
    >
      <header
        className="ModalContentHeader"
      />
      <p />
      <span
        className="Modal-Button-Bar"
      >
        <Button
          flat={true}
          onClick={[Function]}
        >
          <button
            className="Button flat"
            onClick={[Function]}
          >
            OK
          </button>
        </Button>
      </span>
    </div>
  </div>
</Modal>
`;

exports[`renders without crashing 1`] = `
<div
  class="Modal"
>
  
</div>
`;
