// Jest Snapshot v1, https://goo.gl/fbAQLP

exports[`Should render without error 1`] = `
<div
  className="RequestSpinner"
/>
`;

exports[`shows the icon when there are requests 1`] = `
<RequestSpinner
  requests={
    Array [
      Object {
        "id": "test",
        "title": "demo",
      },
    ]
  }
>
  <div
    className="RequestSpinner"
  >
    <img
      className="RequestSpinner-Icon"
      src="img/nct-coin.svg"
    />
  </div>
</RequestSpinner>
`;
