// Jest Snapshot v1, https://goo.gl/fbAQLP

exports[`renders without crashing 1`] = `
<div
  class="BountyManager hex-background"
>
  <p
    class="BountyManager-Intro"
  >
    To get started, edit 
    <code>
      src/App.js
    </code>
     and save to reload.
  </p>
  <div
    class="Upload"
  >
    <div
      class="Upload-Form"
    >
      <div
        class="Drop-Target"
      >
        <div>
          <p>
            Drag and drop your files here, or 
          </p>
          <form>
            <input
              class="hidden"
              id="file"
              type="file"
            >
              
            </input>
            <label
              for="file"
            >
              click here.
            </label>
          </form>
        </div>
      </div>
    </div>
  </div>
</div>
`;
