// Jest Snapshot v1, https://goo.gl/fbAQLP

exports[`renders without crashing 1`] = `
<div
  class="BountyManager hex-background"
>
  <p
    class="BountyManager-Intro"
  >
    To get started, edit 
    <code>
      src/App.js
    </code>
     and save to reload.
  </p>
  <div
    class="Upload"
  >
    <div
      class="Drop-Target"
    >
      <p>
        Drag and drop your files here, or use the button below.
      </p>
    </div>
    <form>
      <input
        class="hidden"
        id="file"
        type="file"
      >
        
      </input>
      <label
        for="file"
      >
        Select Files to Upload!
      </label>
    </form>
  </div>
</div>
`;
