// Jest Snapshot v1, https://goo.gl/fbAQLP

exports[`renders without crashing 1`] = `
<div
  class="Welcome"
>
  <div
    class="Welcome-Jumbo"
  >
    <h1>
      Welcome to Polyswarm,
    </h1>
    <h2>
      The first 
      <em>
        decentralized
      </em>
       antivirus marketplace.
    </h2>
    <p>
      Simply upload files to create your own bounties and then let the microengines on Polyswarm analyze your file.
    </p>
    <button
      class="Button"
    >
      Get Started!
    </button>
  </div>
</div>
`;
